
exports[`suite ImmMap works 1`] = `
Array [
  Array [
    1,
    2,
  ],
]
`;

exports[`suite ImmMap works 2`] = `
Array [
  Array [
    1,
    2,
  ],
  Array [
    3,
    4,
  ],
]
`;

exports[`suite ImmMap works 3`] = `
Array [
  Array [
    1,
    2,
  ],
  Array [
    3,
    4,
  ],
]
`;

exports[`suite ImmMap works 4`] = `
Array [
  Array [
    3,
    4,
  ],
]
`;

exports[`suite ImmMap works 5`] = `
Array [
  Array [
    3,
    4,
  ],
]
`;

exports[`suite ImmMap works 6`] = `Array []`;

exports[`suite ImmSet works 1`] = `
Array [
  1,
  2,
]
`;

exports[`suite ImmSet works 2`] = `
Array [
  1,
  2,
  3,
]
`;

exports[`suite ImmSet works 3`] = `
Array [
  1,
  2,
  3,
]
`;

exports[`suite ImmSet works 4`] = `
Array [
  2,
  3,
]
`;

exports[`suite ImmSet works 5`] = `
Array [
  2,
  3,
]
`;

exports[`suite ImmSet works 6`] = `Array []`;
